// Jest Snapshot v1, https://goo.gl/fbAQLP

exports[`<OrderInfo /> 스냅샷과 일치하는지 확인한다. 1`] = `
<div>
  <div>
    주문번: 100
  </div>
  <div>
    주문일: 2023/01/01 일요일 12:13:14
  </div>
  <div>
    총 결제금액: 77,700원
  </div>
  <div>
    ----------------------------
  </div>
  <div>
    [배송정보1]
  </div>
  <div>
    송장번호: T08912739410
  </div>
  <div>
    배송료: 3,000원
  </div>
  <div>
    주소: [06106] 서울시 강남구 논현로 650-1
  </div>
  <div>
    메시지: 안전한 배송 부탁드립니다.
  </div>
  <br />
  <div>
    [상품목록]
  </div>
  <div>
    상품명: 더핏브라
  </div>
  <div>
    가격: 42,800원
  </div>
  <div>
    주문정보: BLACK/M(75)/A 1개
  </div>
  <br />
  <div>
    상품명: 소울 라이트 브라
  </div>
  <div>
    가격: 34,900원
  </div>
  <div>
    주문정보: SKIN/S(65~70)/B 1개
  </div>
  <div>
    ----------------------------
  </div>
  <div>
    [배송정보2]
  </div>
  <div>
    송장번호: T08912739411
  </div>
  <div>
    배송료: 3,000원
  </div>
  <div>
    주소: [06106] 서울시 강남구 논현로 650-2
  </div>
  <div>
    메시지: 부재시 경비실에 맡겨주세요.
  </div>
  <br />
  <div>
    [상품목록]
  </div>
  <div>
    상품명: 더핏브라
  </div>
  <div>
    가격: 42,800원
  </div>
  <div>
    주문정보: BLACK/M(75)/A 1개
  </div>
  <br />
  <div>
    상품명: 소울 라이트 브라
  </div>
  <div>
    가격: 34,900원
  </div>
  <div>
    주문정보: SKIN/S(65~70)/B 1개
  </div>
  <div>
    ----------------------------
  </div>
</div>
`;
